  PBR_Render.cpp
  pbrmaterial.h is deprecated. Please update to PBR materials in materials.h and glTF-specific items in GltfMaterial.h
D:\项目\LearnDirectX\Resources\PBR_Model.h(95,48): warning C4267: “=”: 从“size_t”转换到“int”，可能丢失数据
  (编译源文件“PBR_Render.cpp”)
  
D:\项目\LearnDirectX\Graphics\PBR_Shader.h(1,1): warning C4819: 该文件包含不能在当前代码页(936)中表示的字符。请将该文件保存为 Unicode 格式以防止数据丢失
  (编译源文件“PBR_Render.cpp”)
  
D:\项目\LearnDirectX\Resources\IBLBaker.h(304,28): warning C4244: “初始化”: 从“double”转换到“float”，可能丢失数据
  (编译源文件“PBR_Render.cpp”)
  
D:\项目\LearnDirectX\Resources\IBLBaker.h(305,29): warning C4244: “初始化”: 从“double”转换到“float”，可能丢失数据
  (编译源文件“PBR_Render.cpp”)
  
D:\项目\LearnDirectX\Logic\SceneObject.h(8,8): warning C4099: “Model”: 类型名称以前使用“class”现在使用的是“struct”
  (编译源文件“PBR_Render.cpp”)
      D:\项目\LearnDirectX\Resources\PBR_Model.h(161,7):
      参见“Model”的声明
  
D:\项目\LearnDirectX\Resources\Settings_Manager.h(196,55): warning C4101: “e”: 未引用的局部变量
  (编译源文件“PBR_Render.cpp”)
  
D:\项目\LearnDirectX\Resources\Settings_Manager.h(224,55): warning C4101: “e”: 未引用的局部变量
  (编译源文件“PBR_Render.cpp”)
  
D:\项目\LearnDirectX\Resources\Settings_Manager.h(279,55): warning C4101: “e”: 未引用的局部变量
  (编译源文件“PBR_Render.cpp”)
  
D:\项目\LearnDirectX\Passes\GBufferPass.h(146,47): warning C4267: “=”: 从“size_t”转换到“UINT”，可能丢失数据
  (编译源文件“PBR_Render.cpp”)
  
  LearnDirectX.vcxproj -> D:\项目\LearnDirectX\x64\Debug\LearnDirectX.exe
  'pwsh.exe' 不是内部或外部命令，也不是可运行的程序
  或批处理文件。
