  PBR_Render.cpp
  pbrmaterial.h is deprecated. Please update to PBR materials in materials.h and glTF-specific items in GltfMaterial.h
D:\项目\LearnDirectX\Resources\PBR_Model.h(95,48): warning C4267: “=”: 从“size_t”转换到“int”，可能丢失数据
  (编译源文件“PBR_Render.cpp”)
  
D:\项目\LearnDirectX\Graphics\PBR_Shader.h(1,1): warning C4819: 该文件包含不能在当前代码页(936)中表示的字符。请将该文件保存为 Unicode 格式以防止数据丢失
  (编译源文件“PBR_Render.cpp”)
  
D:\项目\LearnDirectX\Resources\IBLBaker.h(304,28): warning C4244: “初始化”: 从“double”转换到“float”，可能丢失数据
  (编译源文件“PBR_Render.cpp”)
  
D:\项目\LearnDirectX\Resources\IBLBaker.h(305,29): warning C4244: “初始化”: 从“double”转换到“float”，可能丢失数据
  (编译源文件“PBR_Render.cpp”)
  
D:\项目\LearnDirectX\Logic\SceneObject.h(8,8): warning C4099: “Model”: 类型名称以前使用“class”现在使用的是“struct”
  (编译源文件“PBR_Render.cpp”)
      D:\项目\LearnDirectX\Resources\PBR_Model.h(161,7):
      参见“Model”的声明
  
D:\项目\LearnDirectX\Resources\Settings_Manager.h(193,55): warning C4101: “e”: 未引用的局部变量
  (编译源文件“PBR_Render.cpp”)
  
D:\项目\LearnDirectX\Resources\Settings_Manager.h(221,55): warning C4101: “e”: 未引用的局部变量
  (编译源文件“PBR_Render.cpp”)
  
D:\项目\LearnDirectX\Resources\Settings_Manager.h(264,55): warning C4101: “e”: 未引用的局部变量
  (编译源文件“PBR_Render.cpp”)
  
D:\项目\LearnDirectX\Passes\GBufferPass.h(148,47): warning C4267: “=”: 从“size_t”转换到“UINT”，可能丢失数据
  (编译源文件“PBR_Render.cpp”)
  
  正在生成代码
  1 of 7808 functions (<0.1%) were compiled, the rest were copied from previous compilation.
    0 functions were new in current compilation
    28 functions had inline decision re-evaluated but remain unchanged
  已完成代码的生成
PBR_Render.obj : warning LNK4020: “d:\项目\learndirectx\learndirectx\x64\release\vc145.pdb”中的类型记录已损坏；某些符号和类型可能无法从调试器中访问
  LearnDirectX.vcxproj -> D:\项目\LearnDirectX\x64\Release\LearnDirectX.exe
  'pwsh.exe' 不是内部或外部命令，也不是可运行的程序
  或批处理文件。
